[2023-05-14T00:53:02.798+0700][gc,init] CardTable entry size: 512
[2023-05-14T00:53:02.798+0700][gc     ] Using G1
[2023-05-14T00:53:02.799+0700][gc,init] Version: 19.0.1+10-21 (release)
[2023-05-14T00:53:02.799+0700][gc,init] CPUs: 8 total, 8 available
[2023-05-14T00:53:02.799+0700][gc,init] Memory: 8192M
[2023-05-14T00:53:02.799+0700][gc,init] Large Page Support: Disabled
[2023-05-14T00:53:02.799+0700][gc,init] NUMA Support: Disabled
[2023-05-14T00:53:02.799+0700][gc,init] Compressed Oops: Enabled (Zero based)
[2023-05-14T00:53:02.799+0700][gc,init] Heap Region Size: 1M
[2023-05-14T00:53:02.799+0700][gc,init] Heap Min Capacity: 1G
[2023-05-14T00:53:02.799+0700][gc,init] Heap Initial Capacity: 1G
[2023-05-14T00:53:02.799+0700][gc,init] Heap Max Capacity: 1G
[2023-05-14T00:53:02.799+0700][gc,init] Pre-touch: Disabled
[2023-05-14T00:53:02.799+0700][gc,init] Parallel Workers: 8
[2023-05-14T00:53:02.799+0700][gc,init] Concurrent Workers: 2
[2023-05-14T00:53:02.799+0700][gc,init] Concurrent Refinement Workers: 8
[2023-05-14T00:53:02.799+0700][gc,init] Periodic GC: Disabled
[2023-05-14T00:53:02.799+0700][gc,metaspace] CDS archive(s) mapped at: [0x0000000800000000-0x0000000800c44000-0x0000000800c44000), size 12861440, SharedBaseAddress: 0x0000000800000000, ArchiveRelocationMode: 0.
[2023-05-14T00:53:02.799+0700][gc,metaspace] Compressed class space mapped at: 0x0000000801000000-0x0000000841000000, reserved size: 1073741824
[2023-05-14T00:53:02.799+0700][gc,metaspace] Narrow klass base: 0x0000000800000000, Narrow klass shift: 0, Narrow klass range: 0x100000000
[2023-05-14T00:53:03.374+0700][gc,start    ] GC(0) Pause Young (Normal) (G1 Evacuation Pause)
[2023-05-14T00:53:03.375+0700][gc,task     ] GC(0) Using 8 workers of 8 for evacuation
[2023-05-14T00:53:03.378+0700][gc,phases   ] GC(0)   Pre Evacuate Collection Set: 0.1ms
[2023-05-14T00:53:03.378+0700][gc,phases   ] GC(0)   Merge Heap Roots: 0.0ms
[2023-05-14T00:53:03.378+0700][gc,phases   ] GC(0)   Evacuate Collection Set: 2.2ms
[2023-05-14T00:53:03.378+0700][gc,phases   ] GC(0)   Post Evacuate Collection Set: 0.6ms
[2023-05-14T00:53:03.378+0700][gc,phases   ] GC(0)   Other: 0.2ms
[2023-05-14T00:53:03.378+0700][gc,heap     ] GC(0) Eden regions: 51->0(44)
[2023-05-14T00:53:03.378+0700][gc,heap     ] GC(0) Survivor regions: 0->7(7)
[2023-05-14T00:53:03.378+0700][gc,heap     ] GC(0) Old regions: 0->1
[2023-05-14T00:53:03.378+0700][gc,heap     ] GC(0) Archive regions: 2->2
[2023-05-14T00:53:03.378+0700][gc,heap     ] GC(0) Humongous regions: 0->0
[2023-05-14T00:53:03.378+0700][gc,metaspace] GC(0) Metaspace: 18571K(18816K)->18571K(18816K) NonClass: 16238K(16384K)->16238K(16384K) Class: 2332K(2432K)->2332K(2432K)
[2023-05-14T00:53:03.378+0700][gc          ] GC(0) Pause Young (Normal) (G1 Evacuation Pause) 51M->8M(1024M) 3.258ms
[2023-05-14T00:53:03.378+0700][gc,cpu      ] GC(0) User=0.02s Sys=0.00s Real=0.00s
[2023-05-14T00:53:03.498+0700][gc,start    ] GC(1) Pause Young (Concurrent Start) (Metadata GC Threshold)
[2023-05-14T00:53:03.498+0700][gc,task     ] GC(1) Using 8 workers of 8 for evacuation
[2023-05-14T00:53:03.501+0700][gc,phases   ] GC(1)   Pre Evacuate Collection Set: 0.2ms
[2023-05-14T00:53:03.502+0700][gc,phases   ] GC(1)   Merge Heap Roots: 0.0ms
[2023-05-14T00:53:03.502+0700][gc,phases   ] GC(1)   Evacuate Collection Set: 2.9ms
[2023-05-14T00:53:03.502+0700][gc,phases   ] GC(1)   Post Evacuate Collection Set: 0.1ms
[2023-05-14T00:53:03.502+0700][gc,phases   ] GC(1)   Other: 0.0ms
[2023-05-14T00:53:03.502+0700][gc,heap     ] GC(1) Eden regions: 10->0(49)
[2023-05-14T00:53:03.502+0700][gc,heap     ] GC(1) Survivor regions: 7->2(7)
[2023-05-14T00:53:03.502+0700][gc,heap     ] GC(1) Old regions: 1->8
[2023-05-14T00:53:03.502+0700][gc,heap     ] GC(1) Archive regions: 2->2
[2023-05-14T00:53:03.502+0700][gc,heap     ] GC(1) Humongous regions: 0->0
[2023-05-14T00:53:03.502+0700][gc,metaspace] GC(1) Metaspace: 21317K(21504K)->21317K(21504K) NonClass: 18611K(18688K)->18611K(18688K) Class: 2705K(2816K)->2705K(2816K)
[2023-05-14T00:53:03.502+0700][gc          ] GC(1) Pause Young (Concurrent Start) (Metadata GC Threshold) 18M->9M(1024M) 3.356ms
[2023-05-14T00:53:03.502+0700][gc          ] GC(2) Concurrent Mark Cycle
[2023-05-14T00:53:03.502+0700][gc,cpu      ] GC(1) User=0.01s Sys=0.00s Real=0.01s
[2023-05-14T00:53:03.502+0700][gc,marking  ] GC(2) Concurrent Clear Claimed Marks
[2023-05-14T00:53:03.502+0700][gc,marking  ] GC(2) Concurrent Clear Claimed Marks 0.018ms
[2023-05-14T00:53:03.502+0700][gc,marking  ] GC(2) Concurrent Scan Root Regions
[2023-05-14T00:53:03.503+0700][gc,marking  ] GC(2) Concurrent Scan Root Regions 1.297ms
[2023-05-14T00:53:03.503+0700][gc,marking  ] GC(2) Concurrent Mark
[2023-05-14T00:53:03.503+0700][gc,marking  ] GC(2) Concurrent Mark From Roots
[2023-05-14T00:53:03.503+0700][gc,task     ] GC(2) Using 2 workers of 2 for marking
[2023-05-14T00:53:03.504+0700][gc,marking  ] GC(2) Concurrent Mark From Roots 1.086ms
[2023-05-14T00:53:03.504+0700][gc,marking  ] GC(2) Concurrent Preclean
[2023-05-14T00:53:03.504+0700][gc,marking  ] GC(2) Concurrent Preclean 0.006ms
[2023-05-14T00:53:03.504+0700][gc,start    ] GC(2) Pause Remark
[2023-05-14T00:53:03.505+0700][gc          ] GC(2) Pause Remark 9M->9M(1024M) 0.669ms
[2023-05-14T00:53:03.505+0700][gc,cpu      ] GC(2) User=0.00s Sys=0.00s Real=0.00s
[2023-05-14T00:53:03.505+0700][gc,marking  ] GC(2) Concurrent Mark 1.875ms
[2023-05-14T00:53:03.505+0700][gc,marking  ] GC(2) Concurrent Rebuild Remembered Sets
[2023-05-14T00:53:03.506+0700][gc,marking  ] GC(2) Concurrent Rebuild Remembered Sets 1.502ms
[2023-05-14T00:53:03.506+0700][gc,start    ] GC(2) Pause Cleanup
[2023-05-14T00:53:03.506+0700][gc          ] GC(2) Pause Cleanup 9M->9M(1024M) 0.038ms
[2023-05-14T00:53:03.506+0700][gc,cpu      ] GC(2) User=0.00s Sys=0.00s Real=0.00s
[2023-05-14T00:53:03.506+0700][gc,marking  ] GC(2) Concurrent Cleanup for Next Mark
[2023-05-14T00:53:03.508+0700][gc,marking  ] GC(2) Concurrent Cleanup for Next Mark 1.130ms
[2023-05-14T00:53:03.508+0700][gc          ] GC(2) Concurrent Mark Cycle 6.112ms
[2023-05-14T00:53:04.188+0700][gc,start    ] GC(3) Pause Young (Normal) (G1 Evacuation Pause)
[2023-05-14T00:53:04.188+0700][gc,task     ] GC(3) Using 8 workers of 8 for evacuation
[2023-05-14T00:53:04.190+0700][gc,phases   ] GC(3)   Pre Evacuate Collection Set: 0.1ms
[2023-05-14T00:53:04.190+0700][gc,phases   ] GC(3)   Merge Heap Roots: 0.0ms
[2023-05-14T00:53:04.190+0700][gc,phases   ] GC(3)   Evacuate Collection Set: 1.9ms
[2023-05-14T00:53:04.190+0700][gc,phases   ] GC(3)   Post Evacuate Collection Set: 0.2ms
[2023-05-14T00:53:04.190+0700][gc,phases   ] GC(3)   Other: 0.0ms
[2023-05-14T00:53:04.190+0700][gc,heap     ] GC(3) Eden regions: 49->0(46)
[2023-05-14T00:53:04.190+0700][gc,heap     ] GC(3) Survivor regions: 2->5(7)
[2023-05-14T00:53:04.190+0700][gc,heap     ] GC(3) Old regions: 8->8
[2023-05-14T00:53:04.190+0700][gc,heap     ] GC(3) Archive regions: 2->2
[2023-05-14T00:53:04.190+0700][gc,heap     ] GC(3) Humongous regions: 129->129
[2023-05-14T00:53:04.190+0700][gc,metaspace] GC(3) Metaspace: 31434K(31808K)->31434K(31808K) NonClass: 27663K(27840K)->27663K(27840K) Class: 3771K(3968K)->3771K(3968K)
[2023-05-14T00:53:04.190+0700][gc          ] GC(3) Pause Young (Normal) (G1 Evacuation Pause) 187M->141M(1024M) 2.385ms
[2023-05-14T00:53:04.190+0700][gc,cpu      ] GC(3) User=0.02s Sys=0.00s Real=0.01s
[2023-05-14T00:53:04.293+0700][gc,start    ] GC(4) Pause Young (Concurrent Start) (Metadata GC Threshold)
[2023-05-14T00:53:04.293+0700][gc,task     ] GC(4) Using 8 workers of 8 for evacuation
[2023-05-14T00:53:04.297+0700][gc,phases   ] GC(4)   Pre Evacuate Collection Set: 0.2ms
[2023-05-14T00:53:04.297+0700][gc,phases   ] GC(4)   Merge Heap Roots: 0.1ms
[2023-05-14T00:53:04.297+0700][gc,phases   ] GC(4)   Evacuate Collection Set: 3.4ms
[2023-05-14T00:53:04.297+0700][gc,phases   ] GC(4)   Post Evacuate Collection Set: 0.2ms
[2023-05-14T00:53:04.297+0700][gc,phases   ] GC(4)   Other: 0.0ms
[2023-05-14T00:53:04.297+0700][gc,heap     ] GC(4) Eden regions: 17->0(49)
[2023-05-14T00:53:04.297+0700][gc,heap     ] GC(4) Survivor regions: 5->2(7)
[2023-05-14T00:53:04.297+0700][gc,heap     ] GC(4) Old regions: 8->12
[2023-05-14T00:53:04.297+0700][gc,heap     ] GC(4) Archive regions: 2->2
[2023-05-14T00:53:04.297+0700][gc,heap     ] GC(4) Humongous regions: 129->129
[2023-05-14T00:53:04.297+0700][gc,metaspace] GC(4) Metaspace: 35745K(36096K)->35745K(36096K) NonClass: 31579K(31744K)->31579K(31744K) Class: 4166K(4352K)->4166K(4352K)
[2023-05-14T00:53:04.297+0700][gc          ] GC(4) Pause Young (Concurrent Start) (Metadata GC Threshold) 158M->143M(1024M) 4.121ms
[2023-05-14T00:53:04.297+0700][gc          ] GC(5) Concurrent Mark Cycle
[2023-05-14T00:53:04.297+0700][gc,cpu      ] GC(4) User=0.01s Sys=0.00s Real=0.00s
[2023-05-14T00:53:04.297+0700][gc,marking  ] GC(5) Concurrent Clear Claimed Marks
[2023-05-14T00:53:04.297+0700][gc,marking  ] GC(5) Concurrent Clear Claimed Marks 0.018ms
[2023-05-14T00:53:04.297+0700][gc,marking  ] GC(5) Concurrent Scan Root Regions
[2023-05-14T00:53:04.299+0700][gc,marking  ] GC(5) Concurrent Scan Root Regions 1.628ms
[2023-05-14T00:53:04.299+0700][gc,marking  ] GC(5) Concurrent Mark
[2023-05-14T00:53:04.299+0700][gc,marking  ] GC(5) Concurrent Mark From Roots
[2023-05-14T00:53:04.299+0700][gc,task     ] GC(5) Using 2 workers of 2 for marking
[2023-05-14T00:53:04.303+0700][gc,marking  ] GC(5) Concurrent Mark From Roots 4.193ms
[2023-05-14T00:53:04.303+0700][gc,marking  ] GC(5) Concurrent Preclean
[2023-05-14T00:53:04.303+0700][gc,marking  ] GC(5) Concurrent Preclean 0.030ms
[2023-05-14T00:53:04.303+0700][gc,start    ] GC(5) Pause Remark
[2023-05-14T00:53:04.304+0700][gc          ] GC(5) Pause Remark 144M->144M(1024M) 1.233ms
[2023-05-14T00:53:04.304+0700][gc,cpu      ] GC(5) User=0.01s Sys=0.00s Real=0.00s
[2023-05-14T00:53:04.304+0700][gc,marking  ] GC(5) Concurrent Mark 5.680ms
[2023-05-14T00:53:04.304+0700][gc,marking  ] GC(5) Concurrent Rebuild Remembered Sets
[2023-05-14T00:53:04.307+0700][gc,marking  ] GC(5) Concurrent Rebuild Remembered Sets 2.943ms
[2023-05-14T00:53:04.308+0700][gc,start    ] GC(5) Pause Cleanup
[2023-05-14T00:53:04.308+0700][gc          ] GC(5) Pause Cleanup 145M->145M(1024M) 0.128ms
[2023-05-14T00:53:04.308+0700][gc,cpu      ] GC(5) User=0.00s Sys=0.00s Real=0.00s
[2023-05-14T00:53:04.308+0700][gc,marking  ] GC(5) Concurrent Cleanup for Next Mark
[2023-05-14T00:53:04.310+0700][gc,marking  ] GC(5) Concurrent Cleanup for Next Mark 2.259ms
[2023-05-14T00:53:04.310+0700][gc          ] GC(5) Concurrent Mark Cycle 13.255ms
[2023-05-14T00:54:34.635+0700][gc,start    ] GC(6) Pause Young (Normal) (G1 Evacuation Pause)
[2023-05-14T00:54:34.635+0700][gc,task     ] GC(6) Using 8 workers of 8 for evacuation
[2023-05-14T00:54:34.668+0700][gc,mmu      ] GC(6) MMU target violated: 21.0ms (20.0ms/21.0ms)
[2023-05-14T00:54:34.668+0700][gc,phases   ] GC(6)   Pre Evacuate Collection Set: 0.4ms
[2023-05-14T00:54:34.668+0700][gc,phases   ] GC(6)   Merge Heap Roots: 0.5ms
[2023-05-14T00:54:34.668+0700][gc,phases   ] GC(6)   Evacuate Collection Set: 31.4ms
[2023-05-14T00:54:34.668+0700][gc,phases   ] GC(6)   Post Evacuate Collection Set: 0.8ms
[2023-05-14T00:54:34.668+0700][gc,phases   ] GC(6)   Other: 0.3ms
[2023-05-14T00:54:34.668+0700][gc,heap     ] GC(6) Eden regions: 49->0(45)
[2023-05-14T00:54:34.668+0700][gc,heap     ] GC(6) Survivor regions: 2->6(7)
[2023-05-14T00:54:34.668+0700][gc,heap     ] GC(6) Old regions: 12->12
[2023-05-14T00:54:34.668+0700][gc,heap     ] GC(6) Archive regions: 2->2
[2023-05-14T00:54:34.668+0700][gc,heap     ] GC(6) Humongous regions: 135->129
[2023-05-14T00:54:34.668+0700][gc,metaspace] GC(6) Metaspace: 40887K(41408K)->40887K(41408K) NonClass: 35926K(36224K)->35926K(36224K) Class: 4961K(5184K)->4961K(5184K)
[2023-05-14T00:54:34.668+0700][gc          ] GC(6) Pause Young (Normal) (G1 Evacuation Pause) 198M->147M(1024M) 33.933ms
[2023-05-14T00:54:34.669+0700][gc,cpu      ] GC(6) User=0.02s Sys=0.05s Real=0.03s
[2023-05-14T00:58:25.897+0700][gc,start    ] GC(7) Pause Young (Normal) (G1 Evacuation Pause)
[2023-05-14T00:58:25.898+0700][gc,task     ] GC(7) Using 8 workers of 8 for evacuation
[2023-05-14T00:58:25.937+0700][gc,mmu      ] GC(7) MMU target violated: 21.0ms (20.0ms/21.0ms)
[2023-05-14T00:58:25.937+0700][gc,phases   ] GC(7)   Pre Evacuate Collection Set: 0.7ms
[2023-05-14T00:58:25.937+0700][gc,phases   ] GC(7)   Merge Heap Roots: 0.1ms
[2023-05-14T00:58:25.937+0700][gc,phases   ] GC(7)   Evacuate Collection Set: 37.7ms
[2023-05-14T00:58:25.937+0700][gc,phases   ] GC(7)   Post Evacuate Collection Set: 0.6ms
[2023-05-14T00:58:25.937+0700][gc,phases   ] GC(7)   Other: 0.4ms
[2023-05-14T00:58:25.937+0700][gc,heap     ] GC(7) Eden regions: 45->0(45)
[2023-05-14T00:58:25.937+0700][gc,heap     ] GC(7) Survivor regions: 6->6(7)
[2023-05-14T00:58:25.937+0700][gc,heap     ] GC(7) Old regions: 12->18
[2023-05-14T00:58:25.937+0700][gc,heap     ] GC(7) Archive regions: 2->2
[2023-05-14T00:58:25.937+0700][gc,heap     ] GC(7) Humongous regions: 129->129
[2023-05-14T00:58:25.937+0700][gc,metaspace] GC(7) Metaspace: 41404K(41920K)->41404K(41920K) NonClass: 36443K(36736K)->36443K(36736K) Class: 4961K(5184K)->4961K(5184K)
[2023-05-14T00:58:25.937+0700][gc          ] GC(7) Pause Young (Normal) (G1 Evacuation Pause) 192M->152M(1024M) 40.208ms
[2023-05-14T00:58:25.937+0700][gc,cpu      ] GC(7) User=0.04s Sys=0.06s Real=0.04s
[2023-05-14T01:02:28.894+0700][gc,start    ] GC(8) Pause Young (Normal) (G1 Evacuation Pause)
[2023-05-14T01:02:28.895+0700][gc,task     ] GC(8) Using 8 workers of 8 for evacuation
[2023-05-14T01:02:28.928+0700][gc,mmu      ] GC(8) MMU target violated: 21.0ms (20.0ms/21.0ms)
[2023-05-14T01:02:28.928+0700][gc,phases   ] GC(8)   Pre Evacuate Collection Set: 0.7ms
[2023-05-14T01:02:28.928+0700][gc,phases   ] GC(8)   Merge Heap Roots: 0.1ms
[2023-05-14T01:02:28.928+0700][gc,phases   ] GC(8)   Evacuate Collection Set: 31.0ms
[2023-05-14T01:02:28.928+0700][gc,phases   ] GC(8)   Post Evacuate Collection Set: 0.4ms
[2023-05-14T01:02:28.928+0700][gc,phases   ] GC(8)   Other: 0.4ms
[2023-05-14T01:02:28.928+0700][gc,heap     ] GC(8) Eden regions: 45->0(48)
[2023-05-14T01:02:28.928+0700][gc,heap     ] GC(8) Survivor regions: 6->3(7)
[2023-05-14T01:02:28.928+0700][gc,heap     ] GC(8) Old regions: 18->19
[2023-05-14T01:02:28.928+0700][gc,heap     ] GC(8) Archive regions: 2->2
[2023-05-14T01:02:28.928+0700][gc,heap     ] GC(8) Humongous regions: 129->129
[2023-05-14T01:02:28.928+0700][gc,metaspace] GC(8) Metaspace: 41443K(41920K)->41443K(41920K) NonClass: 36479K(36736K)->36479K(36736K) Class: 4964K(5184K)->4964K(5184K)
[2023-05-14T01:02:28.928+0700][gc          ] GC(8) Pause Young (Normal) (G1 Evacuation Pause) 197M->151M(1024M) 33.920ms
[2023-05-14T01:02:28.928+0700][gc,cpu      ] GC(8) User=0.02s Sys=0.04s Real=0.03s
[2023-05-14T01:06:23.431+0700][gc,start    ] GC(9) Pause Young (Normal) (G1 Evacuation Pause)
[2023-05-14T01:06:23.433+0700][gc,task     ] GC(9) Using 8 workers of 8 for evacuation
[2023-05-14T01:06:23.488+0700][gc,mmu      ] GC(9) MMU target violated: 21.0ms (20.0ms/21.0ms)
[2023-05-14T01:06:23.488+0700][gc,phases   ] GC(9)   Pre Evacuate Collection Set: 1.2ms
[2023-05-14T01:06:23.488+0700][gc,phases   ] GC(9)   Merge Heap Roots: 0.6ms
[2023-05-14T01:06:23.488+0700][gc,phases   ] GC(9)   Evacuate Collection Set: 52.5ms
[2023-05-14T01:06:23.488+0700][gc,phases   ] GC(9)   Post Evacuate Collection Set: 0.3ms
[2023-05-14T01:06:23.488+0700][gc,phases   ] GC(9)   Other: 1.1ms
[2023-05-14T01:06:23.488+0700][gc,heap     ] GC(9) Eden regions: 48->0(44)
[2023-05-14T01:06:23.488+0700][gc,heap     ] GC(9) Survivor regions: 3->7(7)
[2023-05-14T01:06:23.488+0700][gc,heap     ] GC(9) Old regions: 19->19
[2023-05-14T01:06:23.488+0700][gc,heap     ] GC(9) Archive regions: 2->2
[2023-05-14T01:06:23.488+0700][gc,heap     ] GC(9) Humongous regions: 129->129
[2023-05-14T01:06:23.488+0700][gc,metaspace] GC(9) Metaspace: 41889K(42432K)->41889K(42432K) NonClass: 36868K(37184K)->36868K(37184K) Class: 5021K(5248K)->5021K(5248K)
[2023-05-14T01:06:23.488+0700][gc          ] GC(9) Pause Young (Normal) (G1 Evacuation Pause) 199M->155M(1024M) 56.915ms
[2023-05-14T01:06:23.488+0700][gc,cpu      ] GC(9) User=0.03s Sys=0.10s Real=0.05s
[2023-05-14T01:10:19.508+0700][gc,start    ] GC(10) Pause Young (Normal) (G1 Evacuation Pause)
[2023-05-14T01:10:19.508+0700][gc,task     ] GC(10) Using 8 workers of 8 for evacuation
[2023-05-14T01:10:19.516+0700][gc,phases   ] GC(10)   Pre Evacuate Collection Set: 0.5ms
[2023-05-14T01:10:19.516+0700][gc,phases   ] GC(10)   Merge Heap Roots: 0.1ms
[2023-05-14T01:10:19.516+0700][gc,phases   ] GC(10)   Evacuate Collection Set: 7.1ms
[2023-05-14T01:10:19.516+0700][gc,phases   ] GC(10)   Post Evacuate Collection Set: 0.2ms
[2023-05-14T01:10:19.516+0700][gc,phases   ] GC(10)   Other: 0.2ms
[2023-05-14T01:10:19.516+0700][gc,heap     ] GC(10) Eden regions: 44->0(49)
[2023-05-14T01:10:19.516+0700][gc,heap     ] GC(10) Survivor regions: 7->2(7)
[2023-05-14T01:10:19.516+0700][gc,heap     ] GC(10) Old regions: 19->21
[2023-05-14T01:10:19.516+0700][gc,heap     ] GC(10) Archive regions: 2->2
[2023-05-14T01:10:19.516+0700][gc,heap     ] GC(10) Humongous regions: 129->129
[2023-05-14T01:10:19.516+0700][gc,metaspace] GC(10) Metaspace: 41909K(42432K)->41909K(42432K) NonClass: 36888K(37184K)->36888K(37184K) Class: 5021K(5248K)->5021K(5248K)
[2023-05-14T01:10:19.516+0700][gc          ] GC(10) Pause Young (Normal) (G1 Evacuation Pause) 199M->152M(1024M) 8.401ms
[2023-05-14T01:10:19.516+0700][gc,cpu      ] GC(10) User=0.01s Sys=0.03s Real=0.01s
[2023-05-14T01:14:44.160+0700][gc,start    ] GC(11) Pause Young (Normal) (G1 Evacuation Pause)
[2023-05-14T01:14:44.160+0700][gc,task     ] GC(11) Using 8 workers of 8 for evacuation
[2023-05-14T01:14:44.193+0700][gc,mmu      ] GC(11) MMU target violated: 21.0ms (20.0ms/21.0ms)
[2023-05-14T01:14:44.193+0700][gc,phases   ] GC(11)   Pre Evacuate Collection Set: 0.3ms
[2023-05-14T01:14:44.193+0700][gc,phases   ] GC(11)   Merge Heap Roots: 0.2ms
[2023-05-14T01:14:44.193+0700][gc,phases   ] GC(11)   Evacuate Collection Set: 32.2ms
[2023-05-14T01:14:44.193+0700][gc,phases   ] GC(11)   Post Evacuate Collection Set: 0.2ms
[2023-05-14T01:14:44.193+0700][gc,phases   ] GC(11)   Other: 0.4ms
[2023-05-14T01:14:44.193+0700][gc,heap     ] GC(11) Eden regions: 49->0(44)
[2023-05-14T01:14:44.193+0700][gc,heap     ] GC(11) Survivor regions: 2->7(7)
[2023-05-14T01:14:44.193+0700][gc,heap     ] GC(11) Old regions: 21->21
[2023-05-14T01:14:44.193+0700][gc,heap     ] GC(11) Archive regions: 2->2
[2023-05-14T01:14:44.193+0700][gc,heap     ] GC(11) Humongous regions: 129->129
[2023-05-14T01:14:44.193+0700][gc,metaspace] GC(11) Metaspace: 41950K(42496K)->41950K(42496K) NonClass: 36928K(37248K)->36928K(37248K) Class: 5021K(5248K)->5021K(5248K)
[2023-05-14T01:14:44.193+0700][gc          ] GC(11) Pause Young (Normal) (G1 Evacuation Pause) 201M->157M(1024M) 33.574ms
[2023-05-14T01:14:44.193+0700][gc,cpu      ] GC(11) User=0.02s Sys=0.04s Real=0.03s
[2023-05-14T01:18:40.906+0700][gc,start    ] GC(12) Pause Young (Normal) (G1 Evacuation Pause)
[2023-05-14T01:18:40.907+0700][gc,task     ] GC(12) Using 8 workers of 8 for evacuation
[2023-05-14T01:18:40.923+0700][gc,phases   ] GC(12)   Pre Evacuate Collection Set: 1.9ms
[2023-05-14T01:18:40.923+0700][gc,phases   ] GC(12)   Merge Heap Roots: 0.6ms
[2023-05-14T01:18:40.923+0700][gc,phases   ] GC(12)   Evacuate Collection Set: 12.3ms
[2023-05-14T01:18:40.923+0700][gc,phases   ] GC(12)   Post Evacuate Collection Set: 0.7ms
[2023-05-14T01:18:40.923+0700][gc,phases   ] GC(12)   Other: 0.7ms
[2023-05-14T01:18:40.923+0700][gc,heap     ] GC(12) Eden regions: 44->0(49)
[2023-05-14T01:18:40.923+0700][gc,heap     ] GC(12) Survivor regions: 7->2(7)
[2023-05-14T01:18:40.923+0700][gc,heap     ] GC(12) Old regions: 21->23
[2023-05-14T01:18:40.923+0700][gc,heap     ] GC(12) Archive regions: 2->2
[2023-05-14T01:18:40.923+0700][gc,heap     ] GC(12) Humongous regions: 129->129
[2023-05-14T01:18:40.923+0700][gc,metaspace] GC(12) Metaspace: 41966K(42496K)->41966K(42496K) NonClass: 36945K(37248K)->36945K(37248K) Class: 5021K(5248K)->5021K(5248K)
[2023-05-14T01:18:40.923+0700][gc          ] GC(12) Pause Young (Normal) (G1 Evacuation Pause) 201M->154M(1024M) 17.448ms
[2023-05-14T01:18:40.924+0700][gc,cpu      ] GC(12) User=0.02s Sys=0.03s Real=0.02s
[2023-05-14T01:22:02.918+0700][gc,start    ] GC(13) Pause Young (Normal) (G1 Evacuation Pause)
[2023-05-14T01:22:02.919+0700][gc,task     ] GC(13) Using 8 workers of 8 for evacuation
[2023-05-14T01:22:02.959+0700][gc,mmu      ] GC(13) MMU target violated: 21.0ms (20.0ms/21.0ms)
[2023-05-14T01:22:02.959+0700][gc,phases   ] GC(13)   Pre Evacuate Collection Set: 1.6ms
[2023-05-14T01:22:02.959+0700][gc,phases   ] GC(13)   Merge Heap Roots: 0.4ms
[2023-05-14T01:22:02.959+0700][gc,phases   ] GC(13)   Evacuate Collection Set: 37.3ms
[2023-05-14T01:22:02.959+0700][gc,phases   ] GC(13)   Post Evacuate Collection Set: 0.8ms
[2023-05-14T01:22:02.959+0700][gc,phases   ] GC(13)   Other: 0.6ms
[2023-05-14T01:22:02.959+0700][gc,heap     ] GC(13) Eden regions: 49->0(44)
[2023-05-14T01:22:02.959+0700][gc,heap     ] GC(13) Survivor regions: 2->7(7)
[2023-05-14T01:22:02.959+0700][gc,heap     ] GC(13) Old regions: 23->23
[2023-05-14T01:22:02.959+0700][gc,heap     ] GC(13) Archive regions: 2->2
[2023-05-14T01:22:02.959+0700][gc,heap     ] GC(13) Humongous regions: 129->129
[2023-05-14T01:22:02.959+0700][gc,metaspace] GC(13) Metaspace: 42794K(43456K)->42794K(43456K) NonClass: 37589K(37952K)->37589K(37952K) Class: 5204K(5504K)->5204K(5504K)
[2023-05-14T01:22:02.959+0700][gc          ] GC(13) Pause Young (Normal) (G1 Evacuation Pause) 203M->159M(1024M) 41.722ms
[2023-05-14T01:22:02.959+0700][gc,cpu      ] GC(13) User=0.01s Sys=0.05s Real=0.04s
[2023-05-14T01:24:41.464+0700][gc,start    ] GC(14) Pause Young (Normal) (G1 Evacuation Pause)
[2023-05-14T01:24:41.465+0700][gc,task     ] GC(14) Using 8 workers of 8 for evacuation
[2023-05-14T01:24:41.479+0700][gc,phases   ] GC(14)   Pre Evacuate Collection Set: 0.5ms
[2023-05-14T01:24:41.479+0700][gc,phases   ] GC(14)   Merge Heap Roots: 0.1ms
[2023-05-14T01:24:41.479+0700][gc,phases   ] GC(14)   Evacuate Collection Set: 12.7ms
[2023-05-14T01:24:41.479+0700][gc,phases   ] GC(14)   Post Evacuate Collection Set: 0.6ms
[2023-05-14T01:24:41.479+0700][gc,phases   ] GC(14)   Other: 0.1ms
[2023-05-14T01:24:41.479+0700][gc,heap     ] GC(14) Eden regions: 44->0(47)
[2023-05-14T01:24:41.479+0700][gc,heap     ] GC(14) Survivor regions: 7->4(7)
[2023-05-14T01:24:41.479+0700][gc,heap     ] GC(14) Old regions: 23->25
[2023-05-14T01:24:41.479+0700][gc,heap     ] GC(14) Archive regions: 2->2
[2023-05-14T01:24:41.479+0700][gc,heap     ] GC(14) Humongous regions: 129->129
[2023-05-14T01:24:41.479+0700][gc,metaspace] GC(14) Metaspace: 43768K(44352K)->43768K(44352K) NonClass: 38335K(38656K)->38335K(38656K) Class: 5432K(5696K)->5432K(5696K)
[2023-05-14T01:24:41.479+0700][gc          ] GC(14) Pause Young (Normal) (G1 Evacuation Pause) 203M->158M(1024M) 15.225ms
[2023-05-14T01:24:41.479+0700][gc,cpu      ] GC(14) User=0.01s Sys=0.02s Real=0.01s
[2023-05-14T01:28:01.083+0700][gc,start    ] GC(15) Pause Young (Normal) (G1 Evacuation Pause)
[2023-05-14T01:28:01.084+0700][gc,task     ] GC(15) Using 8 workers of 8 for evacuation
[2023-05-14T01:28:01.111+0700][gc,mmu      ] GC(15) MMU target violated: 21.0ms (20.0ms/21.0ms)
[2023-05-14T01:28:01.111+0700][gc,phases   ] GC(15)   Pre Evacuate Collection Set: 2.5ms
[2023-05-14T01:28:01.111+0700][gc,phases   ] GC(15)   Merge Heap Roots: 0.4ms
[2023-05-14T01:28:01.111+0700][gc,phases   ] GC(15)   Evacuate Collection Set: 22.4ms
[2023-05-14T01:28:01.111+0700][gc,phases   ] GC(15)   Post Evacuate Collection Set: 0.8ms
[2023-05-14T01:28:01.111+0700][gc,phases   ] GC(15)   Other: 0.9ms
[2023-05-14T01:28:01.111+0700][gc,heap     ] GC(15) Eden regions: 47->0(47)
[2023-05-14T01:28:01.111+0700][gc,heap     ] GC(15) Survivor regions: 4->4(7)
[2023-05-14T01:28:01.111+0700][gc,heap     ] GC(15) Old regions: 25->25
[2023-05-14T01:28:01.111+0700][gc,heap     ] GC(15) Archive regions: 2->2
[2023-05-14T01:28:01.111+0700][gc,heap     ] GC(15) Humongous regions: 129->129
[2023-05-14T01:28:01.111+0700][gc,metaspace] GC(15) Metaspace: 43950K(44608K)->43950K(44608K) NonClass: 38488K(38848K)->38488K(38848K) Class: 5462K(5760K)->5462K(5760K)
[2023-05-14T01:28:01.111+0700][gc          ] GC(15) Pause Young (Normal) (G1 Evacuation Pause) 205M->158M(1024M) 27.934ms
[2023-05-14T01:28:01.111+0700][gc,cpu      ] GC(15) User=0.01s Sys=0.03s Real=0.03s
[2023-05-14T01:31:29.471+0700][gc,start    ] GC(16) Pause Young (Normal) (G1 Evacuation Pause)
[2023-05-14T01:31:29.473+0700][gc,task     ] GC(16) Using 8 workers of 8 for evacuation
[2023-05-14T01:31:29.559+0700][gc,mmu      ] GC(16) MMU target violated: 21.0ms (20.0ms/21.0ms)
[2023-05-14T01:31:29.559+0700][gc,phases   ] GC(16)   Pre Evacuate Collection Set: 3.3ms
[2023-05-14T01:31:29.559+0700][gc,phases   ] GC(16)   Merge Heap Roots: 0.4ms
[2023-05-14T01:31:29.559+0700][gc,phases   ] GC(16)   Evacuate Collection Set: 81.2ms
[2023-05-14T01:31:29.559+0700][gc,phases   ] GC(16)   Post Evacuate Collection Set: 0.6ms
[2023-05-14T01:31:29.559+0700][gc,phases   ] GC(16)   Other: 1.5ms
[2023-05-14T01:31:29.559+0700][gc,heap     ] GC(16) Eden regions: 47->0(44)
[2023-05-14T01:31:29.559+0700][gc,heap     ] GC(16) Survivor regions: 4->7(7)
[2023-05-14T01:31:29.559+0700][gc,heap     ] GC(16) Old regions: 25->27
[2023-05-14T01:31:29.559+0700][gc,heap     ] GC(16) Archive regions: 2->2
[2023-05-14T01:31:29.559+0700][gc,heap     ] GC(16) Humongous regions: 129->129
[2023-05-14T01:31:29.559+0700][gc,metaspace] GC(16) Metaspace: 44005K(44672K)->44005K(44672K) NonClass: 38542K(38912K)->38542K(38912K) Class: 5462K(5760K)->5462K(5760K)
[2023-05-14T01:31:29.559+0700][gc          ] GC(16) Pause Young (Normal) (G1 Evacuation Pause) 205M->163M(1024M) 87.817ms
[2023-05-14T01:31:29.559+0700][gc,cpu      ] GC(16) User=0.03s Sys=0.12s Real=0.08s
[2023-05-14T01:34:43.008+0700][gc,start    ] GC(17) Pause Young (Normal) (G1 Evacuation Pause)
[2023-05-14T01:34:43.011+0700][gc,task     ] GC(17) Using 8 workers of 8 for evacuation
[2023-05-14T01:34:43.061+0700][gc,mmu      ] GC(17) MMU target violated: 21.0ms (20.0ms/21.0ms)
[2023-05-14T01:34:43.061+0700][gc,phases   ] GC(17)   Pre Evacuate Collection Set: 3.9ms
[2023-05-14T01:34:43.061+0700][gc,phases   ] GC(17)   Merge Heap Roots: 0.7ms
[2023-05-14T01:34:43.061+0700][gc,phases   ] GC(17)   Evacuate Collection Set: 43.9ms
[2023-05-14T01:34:43.061+0700][gc,phases   ] GC(17)   Post Evacuate Collection Set: 0.8ms
[2023-05-14T01:34:43.061+0700][gc,phases   ] GC(17)   Other: 1.2ms
[2023-05-14T01:34:43.061+0700][gc,heap     ] GC(17) Eden regions: 44->0(45)
[2023-05-14T01:34:43.061+0700][gc,heap     ] GC(17) Survivor regions: 7->6(7)
[2023-05-14T01:34:43.061+0700][gc,heap     ] GC(17) Old regions: 27->31
[2023-05-14T01:34:43.061+0700][gc,heap     ] GC(17) Archive regions: 2->2
[2023-05-14T01:34:43.061+0700][gc,heap     ] GC(17) Humongous regions: 129->129
[2023-05-14T01:34:43.061+0700][gc,metaspace] GC(17) Metaspace: 44044K(44736K)->44044K(44736K) NonClass: 38581K(38976K)->38581K(38976K) Class: 5462K(5760K)->5462K(5760K)
[2023-05-14T01:34:43.061+0700][gc          ] GC(17) Pause Young (Normal) (G1 Evacuation Pause) 207M->165M(1024M) 52.837ms
[2023-05-14T01:34:43.061+0700][gc,cpu      ] GC(17) User=0.03s Sys=0.08s Real=0.06s
[2023-05-14T01:38:02.777+0700][gc,start    ] GC(18) Pause Young (Normal) (G1 Evacuation Pause)
[2023-05-14T01:38:02.778+0700][gc,task     ] GC(18) Using 8 workers of 8 for evacuation
[2023-05-14T01:38:02.817+0700][gc,mmu      ] GC(18) MMU target violated: 21.0ms (20.0ms/21.0ms)
[2023-05-14T01:38:02.817+0700][gc,phases   ] GC(18)   Pre Evacuate Collection Set: 2.3ms
[2023-05-14T01:38:02.817+0700][gc,phases   ] GC(18)   Merge Heap Roots: 0.6ms
[2023-05-14T01:38:02.817+0700][gc,phases   ] GC(18)   Evacuate Collection Set: 32.8ms
[2023-05-14T01:38:02.817+0700][gc,phases   ] GC(18)   Post Evacuate Collection Set: 1.6ms
[2023-05-14T01:38:02.817+0700][gc,phases   ] GC(18)   Other: 1.6ms
[2023-05-14T01:38:02.817+0700][gc,heap     ] GC(18) Eden regions: 45->0(46)
[2023-05-14T01:38:02.817+0700][gc,heap     ] GC(18) Survivor regions: 6->5(7)
[2023-05-14T01:38:02.817+0700][gc,heap     ] GC(18) Old regions: 31->32
[2023-05-14T01:38:02.817+0700][gc,heap     ] GC(18) Archive regions: 2->2
[2023-05-14T01:38:02.817+0700][gc,heap     ] GC(18) Humongous regions: 129->129
[2023-05-14T01:38:02.817+0700][gc,metaspace] GC(18) Metaspace: 44052K(44736K)->44052K(44736K) NonClass: 38589K(38976K)->38589K(38976K) Class: 5462K(5760K)->5462K(5760K)
[2023-05-14T01:38:02.817+0700][gc          ] GC(18) Pause Young (Normal) (G1 Evacuation Pause) 210M->166M(1024M) 39.836ms
[2023-05-14T01:38:02.817+0700][gc,cpu      ] GC(18) User=0.02s Sys=0.05s Real=0.04s
[2023-05-14T01:41:27.602+0700][gc,start    ] GC(19) Pause Young (Normal) (G1 Evacuation Pause)
[2023-05-14T01:41:27.602+0700][gc,task     ] GC(19) Using 8 workers of 8 for evacuation
[2023-05-14T01:41:27.622+0700][gc,phases   ] GC(19)   Pre Evacuate Collection Set: 1.9ms
[2023-05-14T01:41:27.622+0700][gc,phases   ] GC(19)   Merge Heap Roots: 1.2ms
[2023-05-14T01:41:27.622+0700][gc,phases   ] GC(19)   Evacuate Collection Set: 14.5ms
[2023-05-14T01:41:27.622+0700][gc,phases   ] GC(19)   Post Evacuate Collection Set: 1.0ms
[2023-05-14T01:41:27.622+0700][gc,phases   ] GC(19)   Other: 1.3ms
[2023-05-14T01:41:27.622+0700][gc,heap     ] GC(19) Eden regions: 46->0(48)
[2023-05-14T01:41:27.622+0700][gc,heap     ] GC(19) Survivor regions: 5->3(7)
[2023-05-14T01:41:27.622+0700][gc,heap     ] GC(19) Old regions: 32->34
[2023-05-14T01:41:27.622+0700][gc,heap     ] GC(19) Archive regions: 2->2
[2023-05-14T01:41:27.622+0700][gc,heap     ] GC(19) Humongous regions: 129->129
[2023-05-14T01:41:27.622+0700][gc,metaspace] GC(19) Metaspace: 44070K(44736K)->44070K(44736K) NonClass: 38607K(38976K)->38607K(38976K) Class: 5462K(5760K)->5462K(5760K)
[2023-05-14T01:41:27.622+0700][gc          ] GC(19) Pause Young (Normal) (G1 Evacuation Pause) 212M->166M(1024M) 20.615ms
[2023-05-14T01:41:27.622+0700][gc,cpu      ] GC(19) User=0.02s Sys=0.02s Real=0.02s
[2023-05-14T01:45:01.293+0700][gc,start    ] GC(20) Pause Young (Normal) (G1 Evacuation Pause)
[2023-05-14T01:45:01.294+0700][gc,task     ] GC(20) Using 8 workers of 8 for evacuation
[2023-05-14T01:45:01.307+0700][gc,phases   ] GC(20)   Pre Evacuate Collection Set: 2.0ms
[2023-05-14T01:45:01.307+0700][gc,phases   ] GC(20)   Merge Heap Roots: 0.5ms
[2023-05-14T01:45:01.307+0700][gc,phases   ] GC(20)   Evacuate Collection Set: 9.6ms
[2023-05-14T01:45:01.307+0700][gc,phases   ] GC(20)   Post Evacuate Collection Set: 0.4ms
[2023-05-14T01:45:01.307+0700][gc,phases   ] GC(20)   Other: 0.3ms
[2023-05-14T01:45:01.307+0700][gc,heap     ] GC(20) Eden regions: 48->0(47)
[2023-05-14T01:45:01.307+0700][gc,heap     ] GC(20) Survivor regions: 3->4(7)
[2023-05-14T01:45:01.307+0700][gc,heap     ] GC(20) Old regions: 34->34
[2023-05-14T01:45:01.307+0700][gc,heap     ] GC(20) Archive regions: 2->2
[2023-05-14T01:45:01.307+0700][gc,heap     ] GC(20) Humongous regions: 129->129
[2023-05-14T01:45:01.307+0700][gc,metaspace] GC(20) Metaspace: 44085K(44736K)->44085K(44736K) NonClass: 38623K(38976K)->38623K(38976K) Class: 5462K(5760K)->5462K(5760K)
[2023-05-14T01:45:01.307+0700][gc          ] GC(20) Pause Young (Normal) (G1 Evacuation Pause) 214M->166M(1024M) 15.219ms
[2023-05-14T01:45:01.307+0700][gc,cpu      ] GC(20) User=0.01s Sys=0.02s Real=0.01s
[2023-05-14T01:48:11.017+0700][gc,start    ] GC(21) Pause Young (Normal) (G1 Evacuation Pause)
[2023-05-14T01:48:11.020+0700][gc,task     ] GC(21) Using 8 workers of 8 for evacuation
[2023-05-14T01:48:11.048+0700][gc,mmu      ] GC(21) MMU target violated: 21.0ms (20.0ms/21.0ms)
[2023-05-14T01:48:11.048+0700][gc,phases   ] GC(21)   Pre Evacuate Collection Set: 2.1ms
[2023-05-14T01:48:11.048+0700][gc,phases   ] GC(21)   Merge Heap Roots: 1.3ms
[2023-05-14T01:48:11.048+0700][gc,phases   ] GC(21)   Evacuate Collection Set: 20.4ms
[2023-05-14T01:48:11.048+0700][gc,phases   ] GC(21)   Post Evacuate Collection Set: 2.0ms
[2023-05-14T01:48:11.048+0700][gc,phases   ] GC(21)   Other: 2.9ms
[2023-05-14T01:48:11.048+0700][gc,heap     ] GC(21) Eden regions: 47->0(46)
[2023-05-14T01:48:11.048+0700][gc,heap     ] GC(21) Survivor regions: 4->5(7)
[2023-05-14T01:48:11.048+0700][gc,heap     ] GC(21) Old regions: 34->34
[2023-05-14T01:48:11.048+0700][gc,heap     ] GC(21) Archive regions: 2->2
[2023-05-14T01:48:11.048+0700][gc,heap     ] GC(21) Humongous regions: 129->129
[2023-05-14T01:48:11.048+0700][gc,metaspace] GC(21) Metaspace: 44123K(44800K)->44123K(44800K) NonClass: 38660K(39040K)->38660K(39040K) Class: 5463K(5760K)->5463K(5760K)
[2023-05-14T01:48:11.048+0700][gc          ] GC(21) Pause Young (Normal) (G1 Evacuation Pause) 213M->167M(1024M) 32.120ms
[2023-05-14T01:48:11.048+0700][gc,cpu      ] GC(21) User=0.02s Sys=0.03s Real=0.03s
[2023-05-14T01:51:13.097+0700][gc,start    ] GC(22) Pause Young (Normal) (G1 Evacuation Pause)
[2023-05-14T01:51:13.098+0700][gc,task     ] GC(22) Using 8 workers of 8 for evacuation
[2023-05-14T01:51:13.116+0700][gc,phases   ] GC(22)   Pre Evacuate Collection Set: 1.9ms
[2023-05-14T01:51:13.116+0700][gc,phases   ] GC(22)   Merge Heap Roots: 0.9ms
[2023-05-14T01:51:13.116+0700][gc,phases   ] GC(22)   Evacuate Collection Set: 13.5ms
[2023-05-14T01:51:13.116+0700][gc,phases   ] GC(22)   Post Evacuate Collection Set: 0.4ms
[2023-05-14T01:51:13.116+0700][gc,phases   ] GC(22)   Other: 1.6ms
[2023-05-14T01:51:13.116+0700][gc,heap     ] GC(22) Eden regions: 46->0(45)
[2023-05-14T01:51:13.116+0700][gc,heap     ] GC(22) Survivor regions: 5->6(7)
[2023-05-14T01:51:13.116+0700][gc,heap     ] GC(22) Old regions: 34->35
[2023-05-14T01:51:13.116+0700][gc,heap     ] GC(22) Archive regions: 2->2
[2023-05-14T01:51:13.116+0700][gc,heap     ] GC(22) Humongous regions: 129->129
[2023-05-14T01:51:13.116+0700][gc,metaspace] GC(22) Metaspace: 44143K(44800K)->44143K(44800K) NonClass: 38679K(39040K)->38679K(39040K) Class: 5463K(5760K)->5463K(5760K)
[2023-05-14T01:51:13.116+0700][gc          ] GC(22) Pause Young (Normal) (G1 Evacuation Pause) 213M->169M(1024M) 19.132ms
[2023-05-14T01:51:13.116+0700][gc,cpu      ] GC(22) User=0.02s Sys=0.03s Real=0.02s
[2023-05-14T01:53:59.143+0700][gc,start    ] GC(23) Pause Young (Normal) (G1 Evacuation Pause)
[2023-05-14T01:53:59.144+0700][gc,task     ] GC(23) Using 8 workers of 8 for evacuation
[2023-05-14T01:53:59.170+0700][gc,mmu      ] GC(23) MMU target violated: 21.0ms (20.0ms/21.0ms)
[2023-05-14T01:53:59.170+0700][gc,phases   ] GC(23)   Pre Evacuate Collection Set: 1.1ms
[2023-05-14T01:53:59.170+0700][gc,phases   ] GC(23)   Merge Heap Roots: 0.6ms
[2023-05-14T01:53:59.170+0700][gc,phases   ] GC(23)   Evacuate Collection Set: 23.1ms
[2023-05-14T01:53:59.170+0700][gc,phases   ] GC(23)   Post Evacuate Collection Set: 0.5ms
[2023-05-14T01:53:59.170+0700][gc,phases   ] GC(23)   Other: 0.7ms
[2023-05-14T01:53:59.170+0700][gc,heap     ] GC(23) Eden regions: 45->0(45)
[2023-05-14T01:53:59.170+0700][gc,heap     ] GC(23) Survivor regions: 6->6(7)
[2023-05-14T01:53:59.170+0700][gc,heap     ] GC(23) Old regions: 35->38
[2023-05-14T01:53:59.170+0700][gc,heap     ] GC(23) Archive regions: 2->2
[2023-05-14T01:53:59.170+0700][gc,heap     ] GC(23) Humongous regions: 129->129
[2023-05-14T01:53:59.170+0700][gc,metaspace] GC(23) Metaspace: 44182K(44800K)->44182K(44800K) NonClass: 38715K(39040K)->38715K(39040K) Class: 5467K(5760K)->5467K(5760K)
[2023-05-14T01:53:59.170+0700][gc          ] GC(23) Pause Young (Normal) (G1 Evacuation Pause) 214M->173M(1024M) 27.102ms
[2023-05-14T01:53:59.170+0700][gc,cpu      ] GC(23) User=0.03s Sys=0.04s Real=0.03s
[2023-05-14T01:56:57.031+0700][gc,start    ] GC(24) Pause Young (Normal) (G1 Evacuation Pause)
[2023-05-14T01:56:57.032+0700][gc,task     ] GC(24) Using 8 workers of 8 for evacuation
[2023-05-14T01:56:57.052+0700][gc,phases   ] GC(24)   Pre Evacuate Collection Set: 2.2ms
[2023-05-14T01:56:57.052+0700][gc,phases   ] GC(24)   Merge Heap Roots: 1.4ms
[2023-05-14T01:56:57.052+0700][gc,phases   ] GC(24)   Evacuate Collection Set: 14.9ms
[2023-05-14T01:56:57.052+0700][gc,phases   ] GC(24)   Post Evacuate Collection Set: 0.5ms
[2023-05-14T01:56:57.052+0700][gc,phases   ] GC(24)   Other: 0.8ms
[2023-05-14T01:56:57.052+0700][gc,heap     ] GC(24) Eden regions: 45->0(48)
[2023-05-14T01:56:57.052+0700][gc,heap     ] GC(24) Survivor regions: 6->3(7)
[2023-05-14T01:56:57.052+0700][gc,heap     ] GC(24) Old regions: 38->42
[2023-05-14T01:56:57.052+0700][gc,heap     ] GC(24) Archive regions: 2->2
[2023-05-14T01:56:57.052+0700][gc,heap     ] GC(24) Humongous regions: 129->129
[2023-05-14T01:56:57.052+0700][gc,metaspace] GC(24) Metaspace: 44206K(44864K)->44206K(44864K) NonClass: 38739K(39104K)->38739K(39104K) Class: 5467K(5760K)->5467K(5760K)
[2023-05-14T01:56:57.052+0700][gc          ] GC(24) Pause Young (Normal) (G1 Evacuation Pause) 218M->173M(1024M) 20.658ms
[2023-05-14T01:56:57.052+0700][gc,cpu      ] GC(24) User=0.03s Sys=0.03s Real=0.02s
[2023-05-14T03:41:32.730+0700][gc,start    ] GC(25) Pause Young (Normal) (G1 Evacuation Pause)
[2023-05-14T03:41:32.731+0700][gc,task     ] GC(25) Using 8 workers of 8 for evacuation
[2023-05-14T03:41:32.764+0700][gc,mmu      ] GC(25) MMU target violated: 21.0ms (20.0ms/21.0ms)
[2023-05-14T03:41:32.764+0700][gc,phases   ] GC(25)   Pre Evacuate Collection Set: 2.3ms
[2023-05-14T03:41:32.764+0700][gc,phases   ] GC(25)   Merge Heap Roots: 0.6ms
[2023-05-14T03:41:32.764+0700][gc,phases   ] GC(25)   Evacuate Collection Set: 28.3ms
[2023-05-14T03:41:32.764+0700][gc,phases   ] GC(25)   Post Evacuate Collection Set: 2.0ms
[2023-05-14T03:41:32.764+0700][gc,phases   ] GC(25)   Other: 0.8ms
[2023-05-14T03:41:32.764+0700][gc,heap     ] GC(25) Eden regions: 48->0(46)
[2023-05-14T03:41:32.764+0700][gc,heap     ] GC(25) Survivor regions: 3->5(7)
[2023-05-14T03:41:32.764+0700][gc,heap     ] GC(25) Old regions: 42->42
[2023-05-14T03:41:32.764+0700][gc,heap     ] GC(25) Archive regions: 2->2
[2023-05-14T03:41:32.764+0700][gc,heap     ] GC(25) Humongous regions: 129->129
[2023-05-14T03:41:32.764+0700][gc,metaspace] GC(25) Metaspace: 44253K(44864K)->44253K(44864K) NonClass: 38786K(39104K)->38786K(39104K) Class: 5467K(5760K)->5467K(5760K)
[2023-05-14T03:41:32.764+0700][gc          ] GC(25) Pause Young (Normal) (G1 Evacuation Pause) 221M->175M(1024M) 34.809ms
[2023-05-14T03:41:32.765+0700][gc,cpu      ] GC(25) User=0.02s Sys=0.02s Real=0.04s
[2023-05-14T08:57:02.327+0700][gc,start    ] GC(26) Pause Young (Normal) (G1 Evacuation Pause)
[2023-05-14T08:57:02.329+0700][gc,task     ] GC(26) Using 8 workers of 8 for evacuation
[2023-05-14T08:57:02.356+0700][gc,mmu      ] GC(26) MMU target violated: 21.0ms (20.0ms/21.0ms)
[2023-05-14T08:57:02.357+0700][gc,phases   ] GC(26)   Pre Evacuate Collection Set: 3.3ms
[2023-05-14T08:57:02.357+0700][gc,phases   ] GC(26)   Merge Heap Roots: 0.5ms
[2023-05-14T08:57:02.357+0700][gc,phases   ] GC(26)   Evacuate Collection Set: 20.3ms
[2023-05-14T08:57:02.357+0700][gc,phases   ] GC(26)   Post Evacuate Collection Set: 1.8ms
[2023-05-14T08:57:02.357+0700][gc,phases   ] GC(26)   Other: 2.4ms
[2023-05-14T08:57:02.357+0700][gc,heap     ] GC(26) Eden regions: 46->0(46)
[2023-05-14T08:57:02.357+0700][gc,heap     ] GC(26) Survivor regions: 5->5(7)
[2023-05-14T08:57:02.357+0700][gc,heap     ] GC(26) Old regions: 42->43
[2023-05-14T08:57:02.357+0700][gc,heap     ] GC(26) Archive regions: 2->2
[2023-05-14T08:57:02.357+0700][gc,heap     ] GC(26) Humongous regions: 129->129
[2023-05-14T08:57:02.357+0700][gc,metaspace] GC(26) Metaspace: 44363K(45056K)->44363K(45056K) NonClass: 38896K(39296K)->38896K(39296K) Class: 5467K(5760K)->5467K(5760K)
[2023-05-14T08:57:02.357+0700][gc          ] GC(26) Pause Young (Normal) (G1 Evacuation Pause) 221M->177M(1024M) 30.176ms
[2023-05-14T08:57:02.357+0700][gc,cpu      ] GC(26) User=0.02s Sys=0.04s Real=0.03s
[2023-05-14T09:00:05.077+0700][gc,start    ] GC(27) Pause Young (Normal) (G1 Evacuation Pause)
[2023-05-14T09:00:05.078+0700][gc,task     ] GC(27) Using 8 workers of 8 for evacuation
[2023-05-14T09:00:05.113+0700][gc,mmu      ] GC(27) MMU target violated: 21.0ms (20.0ms/21.0ms)
[2023-05-14T09:00:05.113+0700][gc,phases   ] GC(27)   Pre Evacuate Collection Set: 2.4ms
[2023-05-14T09:00:05.113+0700][gc,phases   ] GC(27)   Merge Heap Roots: 1.6ms
[2023-05-14T09:00:05.113+0700][gc,phases   ] GC(27)   Evacuate Collection Set: 27.7ms
[2023-05-14T09:00:05.113+0700][gc,phases   ] GC(27)   Post Evacuate Collection Set: 2.3ms
[2023-05-14T09:00:05.113+0700][gc,phases   ] GC(27)   Other: 1.6ms
[2023-05-14T09:00:05.113+0700][gc,heap     ] GC(27) Eden regions: 46->0(45)
[2023-05-14T09:00:05.113+0700][gc,heap     ] GC(27) Survivor regions: 5->6(7)
[2023-05-14T09:00:05.113+0700][gc,heap     ] GC(27) Old regions: 43->45
[2023-05-14T09:00:05.113+0700][gc,heap     ] GC(27) Archive regions: 2->2
[2023-05-14T09:00:05.113+0700][gc,heap     ] GC(27) Humongous regions: 129->129
[2023-05-14T09:00:05.114+0700][gc,metaspace] GC(27) Metaspace: 44366K(45056K)->44366K(45056K) NonClass: 38899K(39296K)->38899K(39296K) Class: 5467K(5760K)->5467K(5760K)
[2023-05-14T09:00:05.114+0700][gc          ] GC(27) Pause Young (Normal) (G1 Evacuation Pause) 223M->179M(1024M) 37.285ms
[2023-05-14T09:00:05.114+0700][gc,cpu      ] GC(27) User=0.02s Sys=0.05s Real=0.04s
[2023-05-14T09:03:04.093+0700][gc,start    ] GC(28) Pause Young (Normal) (G1 Evacuation Pause)
[2023-05-14T09:03:04.095+0700][gc,task     ] GC(28) Using 8 workers of 8 for evacuation
[2023-05-14T09:03:04.152+0700][gc,mmu      ] GC(28) MMU target violated: 21.0ms (20.0ms/21.0ms)
[2023-05-14T09:03:04.152+0700][gc,phases   ] GC(28)   Pre Evacuate Collection Set: 2.7ms
[2023-05-14T09:03:04.152+0700][gc,phases   ] GC(28)   Merge Heap Roots: 1.6ms
[2023-05-14T09:03:04.152+0700][gc,phases   ] GC(28)   Evacuate Collection Set: 47.5ms
[2023-05-14T09:03:04.152+0700][gc,phases   ] GC(28)   Post Evacuate Collection Set: 3.6ms
[2023-05-14T09:03:04.152+0700][gc,phases   ] GC(28)   Other: 2.6ms
[2023-05-14T09:03:04.152+0700][gc,heap     ] GC(28) Eden regions: 45->0(45)
[2023-05-14T09:03:04.152+0700][gc,heap     ] GC(28) Survivor regions: 6->6(7)
[2023-05-14T09:03:04.152+0700][gc,heap     ] GC(28) Old regions: 45->46
[2023-05-14T09:03:04.152+0700][gc,heap     ] GC(28) Archive regions: 2->2
[2023-05-14T09:03:04.152+0700][gc,heap     ] GC(28) Humongous regions: 129->129
[2023-05-14T09:03:04.152+0700][gc,metaspace] GC(28) Metaspace: 44368K(45056K)->44368K(45056K) NonClass: 38901K(39296K)->38901K(39296K) Class: 5467K(5760K)->5467K(5760K)
[2023-05-14T09:03:04.153+0700][gc          ] GC(28) Pause Young (Normal) (G1 Evacuation Pause) 224M->181M(1024M) 59.407ms
[2023-05-14T09:03:04.153+0700][gc,cpu      ] GC(28) User=0.03s Sys=0.06s Real=0.06s
[2023-05-14T09:06:03.169+0700][gc,start    ] GC(29) Pause Young (Normal) (G1 Evacuation Pause)
[2023-05-14T09:06:03.171+0700][gc,task     ] GC(29) Using 8 workers of 8 for evacuation
[2023-05-14T09:06:03.193+0700][gc,mmu      ] GC(29) MMU target violated: 21.0ms (20.0ms/21.0ms)
[2023-05-14T09:06:03.193+0700][gc,phases   ] GC(29)   Pre Evacuate Collection Set: 1.5ms
[2023-05-14T09:06:03.193+0700][gc,phases   ] GC(29)   Merge Heap Roots: 0.8ms
[2023-05-14T09:06:03.193+0700][gc,phases   ] GC(29)   Evacuate Collection Set: 19.0ms
[2023-05-14T09:06:03.193+0700][gc,phases   ] GC(29)   Post Evacuate Collection Set: 0.6ms
[2023-05-14T09:06:03.193+0700][gc,phases   ] GC(29)   Other: 0.5ms
[2023-05-14T09:06:03.193+0700][gc,heap     ] GC(29) Eden regions: 45->0(45)
[2023-05-14T09:06:03.193+0700][gc,heap     ] GC(29) Survivor regions: 6->6(7)
[2023-05-14T09:06:03.193+0700][gc,heap     ] GC(29) Old regions: 46->48
[2023-05-14T09:06:03.193+0700][gc,heap     ] GC(29) Archive regions: 2->2
[2023-05-14T09:06:03.193+0700][gc,heap     ] GC(29) Humongous regions: 129->129
[2023-05-14T09:06:03.193+0700][gc,metaspace] GC(29) Metaspace: 44368K(45056K)->44368K(45056K) NonClass: 38901K(39296K)->38901K(39296K) Class: 5467K(5760K)->5467K(5760K)
[2023-05-14T09:06:03.193+0700][gc          ] GC(29) Pause Young (Normal) (G1 Evacuation Pause) 226M->183M(1024M) 24.020ms
[2023-05-14T09:06:03.193+0700][gc,cpu      ] GC(29) User=0.03s Sys=0.03s Real=0.03s
[2023-05-14T09:09:00.824+0700][gc,start    ] GC(30) Pause Young (Normal) (G1 Evacuation Pause)
[2023-05-14T09:09:00.825+0700][gc,task     ] GC(30) Using 8 workers of 8 for evacuation
[2023-05-14T09:09:00.854+0700][gc,mmu      ] GC(30) MMU target violated: 21.0ms (20.0ms/21.0ms)
[2023-05-14T09:09:00.854+0700][gc,phases   ] GC(30)   Pre Evacuate Collection Set: 1.1ms
[2023-05-14T09:09:00.854+0700][gc,phases   ] GC(30)   Merge Heap Roots: 0.3ms
[2023-05-14T09:09:00.854+0700][gc,phases   ] GC(30)   Evacuate Collection Set: 26.1ms
[2023-05-14T09:09:00.854+0700][gc,phases   ] GC(30)   Post Evacuate Collection Set: 1.5ms
[2023-05-14T09:09:00.854+0700][gc,phases   ] GC(30)   Other: 0.4ms
[2023-05-14T09:09:00.854+0700][gc,heap     ] GC(30) Eden regions: 45->0(46)
[2023-05-14T09:09:00.854+0700][gc,heap     ] GC(30) Survivor regions: 6->5(7)
[2023-05-14T09:09:00.854+0700][gc,heap     ] GC(30) Old regions: 48->52
[2023-05-14T09:09:00.854+0700][gc,heap     ] GC(30) Archive regions: 2->2
[2023-05-14T09:09:00.854+0700][gc,heap     ] GC(30) Humongous regions: 129->129
[2023-05-14T09:09:00.854+0700][gc,metaspace] GC(30) Metaspace: 44372K(45056K)->44372K(45056K) NonClass: 38905K(39296K)->38905K(39296K) Class: 5467K(5760K)->5467K(5760K)
[2023-05-14T09:09:00.854+0700][gc          ] GC(30) Pause Young (Normal) (G1 Evacuation Pause) 228M->185M(1024M) 30.591ms
[2023-05-14T09:09:00.854+0700][gc,cpu      ] GC(30) User=0.03s Sys=0.06s Real=0.03s
[2023-05-14T09:12:03.616+0700][gc,start    ] GC(31) Pause Young (Normal) (G1 Evacuation Pause)
[2023-05-14T09:12:03.619+0700][gc,task     ] GC(31) Using 8 workers of 8 for evacuation
[2023-05-14T09:12:03.655+0700][gc,mmu      ] GC(31) MMU target violated: 21.0ms (20.0ms/21.0ms)
[2023-05-14T09:12:03.655+0700][gc,phases   ] GC(31)   Pre Evacuate Collection Set: 3.4ms
[2023-05-14T09:12:03.655+0700][gc,phases   ] GC(31)   Merge Heap Roots: 0.5ms
[2023-05-14T09:12:03.655+0700][gc,phases   ] GC(31)   Evacuate Collection Set: 29.5ms
[2023-05-14T09:12:03.655+0700][gc,phases   ] GC(31)   Post Evacuate Collection Set: 1.6ms
[2023-05-14T09:12:03.655+0700][gc,phases   ] GC(31)   Other: 1.4ms
[2023-05-14T09:12:03.655+0700][gc,heap     ] GC(31) Eden regions: 46->0(46)
[2023-05-14T09:12:03.655+0700][gc,heap     ] GC(31) Survivor regions: 5->5(7)
[2023-05-14T09:12:03.655+0700][gc,heap     ] GC(31) Old regions: 52->54
[2023-05-14T09:12:03.655+0700][gc,heap     ] GC(31) Archive regions: 2->2
[2023-05-14T09:12:03.655+0700][gc,heap     ] GC(31) Humongous regions: 129->129
[2023-05-14T09:12:03.655+0700][gc,metaspace] GC(31) Metaspace: 44393K(45056K)->44393K(45056K) NonClass: 38926K(39296K)->38926K(39296K) Class: 5467K(5760K)->5467K(5760K)
[2023-05-14T09:12:03.655+0700][gc          ] GC(31) Pause Young (Normal) (G1 Evacuation Pause) 231M->187M(1024M) 39.234ms
[2023-05-14T09:12:03.655+0700][gc,cpu      ] GC(31) User=0.02s Sys=0.04s Real=0.04s
[2023-05-14T09:15:05.282+0700][gc,start    ] GC(32) Pause Young (Normal) (G1 Evacuation Pause)
[2023-05-14T09:15:05.283+0700][gc,task     ] GC(32) Using 8 workers of 8 for evacuation
[2023-05-14T09:15:05.328+0700][gc,mmu      ] GC(32) MMU target violated: 21.0ms (20.0ms/21.0ms)
[2023-05-14T09:15:05.328+0700][gc,phases   ] GC(32)   Pre Evacuate Collection Set: 2.1ms
[2023-05-14T09:15:05.328+0700][gc,phases   ] GC(32)   Merge Heap Roots: 0.9ms
[2023-05-14T09:15:05.328+0700][gc,phases   ] GC(32)   Evacuate Collection Set: 39.4ms
[2023-05-14T09:15:05.328+0700][gc,phases   ] GC(32)   Post Evacuate Collection Set: 1.4ms
[2023-05-14T09:15:05.328+0700][gc,phases   ] GC(32)   Other: 0.7ms
[2023-05-14T09:15:05.328+0700][gc,heap     ] GC(32) Eden regions: 46->0(45)
[2023-05-14T09:15:05.328+0700][gc,heap     ] GC(32) Survivor regions: 5->6(7)
[2023-05-14T09:15:05.328+0700][gc,heap     ] GC(32) Old regions: 54->55
[2023-05-14T09:15:05.328+0700][gc,heap     ] GC(32) Archive regions: 2->2
[2023-05-14T09:15:05.328+0700][gc,heap     ] GC(32) Humongous regions: 129->129
[2023-05-14T09:15:05.328+0700][gc,metaspace] GC(32) Metaspace: 44393K(45056K)->44393K(45056K) NonClass: 38926K(39296K)->38926K(39296K) Class: 5467K(5760K)->5467K(5760K)
[2023-05-14T09:15:05.328+0700][gc          ] GC(32) Pause Young (Normal) (G1 Evacuation Pause) 233M->190M(1024M) 46.254ms
[2023-05-14T09:15:05.328+0700][gc,cpu      ] GC(32) User=0.03s Sys=0.04s Real=0.04s
[2023-05-14T09:18:01.254+0700][gc,start    ] GC(33) Pause Young (Normal) (G1 Evacuation Pause)
[2023-05-14T09:18:01.255+0700][gc,task     ] GC(33) Using 8 workers of 8 for evacuation
[2023-05-14T09:18:01.276+0700][gc,mmu      ] GC(33) MMU target violated: 21.0ms (20.0ms/21.0ms)
[2023-05-14T09:18:01.276+0700][gc,phases   ] GC(33)   Pre Evacuate Collection Set: 1.2ms
[2023-05-14T09:18:01.277+0700][gc,phases   ] GC(33)   Merge Heap Roots: 0.4ms
[2023-05-14T09:18:01.277+0700][gc,phases   ] GC(33)   Evacuate Collection Set: 18.0ms
[2023-05-14T09:18:01.277+0700][gc,phases   ] GC(33)   Post Evacuate Collection Set: 0.8ms
[2023-05-14T09:18:01.277+0700][gc,phases   ] GC(33)   Other: 1.2ms
[2023-05-14T09:18:01.277+0700][gc,heap     ] GC(33) Eden regions: 45->0(45)
[2023-05-14T09:18:01.277+0700][gc,heap     ] GC(33) Survivor regions: 6->6(7)
[2023-05-14T09:18:01.277+0700][gc,heap     ] GC(33) Old regions: 55->57
[2023-05-14T09:18:01.277+0700][gc,heap     ] GC(33) Archive regions: 2->2
[2023-05-14T09:18:01.277+0700][gc,heap     ] GC(33) Humongous regions: 129->129
[2023-05-14T09:18:01.277+0700][gc,metaspace] GC(33) Metaspace: 44399K(45056K)->44399K(45056K) NonClass: 38932K(39296K)->38932K(39296K) Class: 5467K(5760K)->5467K(5760K)
[2023-05-14T09:18:01.277+0700][gc          ] GC(33) Pause Young (Normal) (G1 Evacuation Pause) 235M->191M(1024M) 22.499ms
[2023-05-14T09:18:01.277+0700][gc,cpu      ] GC(33) User=0.02s Sys=0.04s Real=0.02s
[2023-05-14T09:20:58.705+0700][gc,start    ] GC(34) Pause Young (Normal) (G1 Evacuation Pause)
[2023-05-14T09:20:58.707+0700][gc,task     ] GC(34) Using 8 workers of 8 for evacuation
[2023-05-14T09:20:58.743+0700][gc,mmu      ] GC(34) MMU target violated: 21.0ms (20.0ms/21.0ms)
[2023-05-14T09:20:58.743+0700][gc,phases   ] GC(34)   Pre Evacuate Collection Set: 1.7ms
[2023-05-14T09:20:58.743+0700][gc,phases   ] GC(34)   Merge Heap Roots: 0.9ms
[2023-05-14T09:20:58.743+0700][gc,phases   ] GC(34)   Evacuate Collection Set: 30.9ms
[2023-05-14T09:20:58.743+0700][gc,phases   ] GC(34)   Post Evacuate Collection Set: 1.3ms
[2023-05-14T09:20:58.743+0700][gc,phases   ] GC(34)   Other: 1.8ms
[2023-05-14T09:20:58.743+0700][gc,heap     ] GC(34) Eden regions: 45->0(45)
[2023-05-14T09:20:58.743+0700][gc,heap     ] GC(34) Survivor regions: 6->6(7)
[2023-05-14T09:20:58.743+0700][gc,heap     ] GC(34) Old regions: 57->59
[2023-05-14T09:20:58.743+0700][gc,heap     ] GC(34) Archive regions: 2->2
[2023-05-14T09:20:58.743+0700][gc,heap     ] GC(34) Humongous regions: 129->129
[2023-05-14T09:20:58.743+0700][gc,metaspace] GC(34) Metaspace: 44399K(45056K)->44399K(45056K) NonClass: 38932K(39296K)->38932K(39296K) Class: 5467K(5760K)->5467K(5760K)
[2023-05-14T09:20:58.743+0700][gc          ] GC(34) Pause Young (Normal) (G1 Evacuation Pause) 236M->194M(1024M) 38.403ms
[2023-05-14T09:20:58.743+0700][gc,cpu      ] GC(34) User=0.03s Sys=0.06s Real=0.04s
[2023-05-14T09:23:56.084+0700][gc,start    ] GC(35) Pause Young (Normal) (G1 Evacuation Pause)
[2023-05-14T09:23:56.085+0700][gc,task     ] GC(35) Using 8 workers of 8 for evacuation
[2023-05-14T09:23:56.165+0700][gc,mmu      ] GC(35) MMU target violated: 21.0ms (20.0ms/21.0ms)
[2023-05-14T09:23:56.165+0700][gc,phases   ] GC(35)   Pre Evacuate Collection Set: 2.4ms
[2023-05-14T09:23:56.165+0700][gc,phases   ] GC(35)   Merge Heap Roots: 0.6ms
[2023-05-14T09:23:56.165+0700][gc,phases   ] GC(35)   Evacuate Collection Set: 72.7ms
[2023-05-14T09:23:56.165+0700][gc,phases   ] GC(35)   Post Evacuate Collection Set: 1.5ms
[2023-05-14T09:23:56.165+0700][gc,phases   ] GC(35)   Other: 3.4ms
[2023-05-14T09:23:56.165+0700][gc,heap     ] GC(35) Eden regions: 45->0(45)
[2023-05-14T09:23:56.165+0700][gc,heap     ] GC(35) Survivor regions: 6->6(7)
[2023-05-14T09:23:56.165+0700][gc,heap     ] GC(35) Old regions: 59->61
[2023-05-14T09:23:56.165+0700][gc,heap     ] GC(35) Archive regions: 2->2
[2023-05-14T09:23:56.165+0700][gc,heap     ] GC(35) Humongous regions: 129->129
[2023-05-14T09:23:56.165+0700][gc,metaspace] GC(35) Metaspace: 44408K(45056K)->44408K(45056K) NonClass: 38941K(39296K)->38941K(39296K) Class: 5467K(5760K)->5467K(5760K)
[2023-05-14T09:23:56.165+0700][gc          ] GC(35) Pause Young (Normal) (G1 Evacuation Pause) 239M->196M(1024M) 81.272ms
[2023-05-14T09:23:56.165+0700][gc,cpu      ] GC(35) User=0.02s Sys=0.04s Real=0.08s
[2023-05-14T09:26:53.846+0700][gc,start    ] GC(36) Pause Young (Normal) (G1 Evacuation Pause)
[2023-05-14T09:26:53.847+0700][gc,task     ] GC(36) Using 8 workers of 8 for evacuation
[2023-05-14T09:26:53.870+0700][gc,mmu      ] GC(36) MMU target violated: 21.0ms (20.0ms/21.0ms)
[2023-05-14T09:26:53.870+0700][gc,phases   ] GC(36)   Pre Evacuate Collection Set: 1.1ms
[2023-05-14T09:26:53.870+0700][gc,phases   ] GC(36)   Merge Heap Roots: 0.6ms
[2023-05-14T09:26:53.870+0700][gc,phases   ] GC(36)   Evacuate Collection Set: 19.4ms
[2023-05-14T09:26:53.870+0700][gc,phases   ] GC(36)   Post Evacuate Collection Set: 0.8ms
[2023-05-14T09:26:53.870+0700][gc,phases   ] GC(36)   Other: 0.9ms
[2023-05-14T09:26:53.870+0700][gc,heap     ] GC(36) Eden regions: 45->0(45)
[2023-05-14T09:26:53.870+0700][gc,heap     ] GC(36) Survivor regions: 6->6(7)
[2023-05-14T09:26:53.870+0700][gc,heap     ] GC(36) Old regions: 61->63
[2023-05-14T09:26:53.870+0700][gc,heap     ] GC(36) Archive regions: 2->2
[2023-05-14T09:26:53.870+0700][gc,heap     ] GC(36) Humongous regions: 129->129
[2023-05-14T09:26:53.870+0700][gc,metaspace] GC(36) Metaspace: 44411K(45056K)->44411K(45056K) NonClass: 38943K(39296K)->38943K(39296K) Class: 5467K(5760K)->5467K(5760K)
[2023-05-14T09:26:53.870+0700][gc          ] GC(36) Pause Young (Normal) (G1 Evacuation Pause) 241M->198M(1024M) 23.560ms
[2023-05-14T09:26:53.870+0700][gc,cpu      ] GC(36) User=0.02s Sys=0.05s Real=0.03s
[2023-05-14T09:29:33.241+0700][gc,start    ] GC(37) Pause Young (Normal) (G1 Evacuation Pause)
[2023-05-14T09:29:33.243+0700][gc,task     ] GC(37) Using 8 workers of 8 for evacuation
[2023-05-14T09:29:33.269+0700][gc,mmu      ] GC(37) MMU target violated: 21.0ms (20.0ms/21.0ms)
[2023-05-14T09:29:33.269+0700][gc,phases   ] GC(37)   Pre Evacuate Collection Set: 1.0ms
[2023-05-14T09:29:33.269+0700][gc,phases   ] GC(37)   Merge Heap Roots: 0.4ms
[2023-05-14T09:29:33.269+0700][gc,phases   ] GC(37)   Evacuate Collection Set: 23.0ms
[2023-05-14T09:29:33.269+0700][gc,phases   ] GC(37)   Post Evacuate Collection Set: 0.9ms
[2023-05-14T09:29:33.269+0700][gc,phases   ] GC(37)   Other: 1.7ms
[2023-05-14T09:29:33.269+0700][gc,heap     ] GC(37) Eden regions: 45->0(45)
[2023-05-14T09:29:33.269+0700][gc,heap     ] GC(37) Survivor regions: 6->6(7)
[2023-05-14T09:29:33.269+0700][gc,heap     ] GC(37) Old regions: 63->64
[2023-05-14T09:29:33.269+0700][gc,heap     ] GC(37) Archive regions: 2->2
[2023-05-14T09:29:33.269+0700][gc,heap     ] GC(37) Humongous regions: 129->129
[2023-05-14T09:29:33.269+0700][gc,metaspace] GC(37) Metaspace: 44731K(45440K)->44731K(45440K) NonClass: 39187K(39616K)->39187K(39616K) Class: 5544K(5824K)->5544K(5824K)
[2023-05-14T09:29:33.269+0700][gc          ] GC(37) Pause Young (Normal) (G1 Evacuation Pause) 243M->199M(1024M) 28.216ms
[2023-05-14T09:29:33.269+0700][gc,cpu      ] GC(37) User=0.03s Sys=0.05s Real=0.02s
[2023-05-14T09:32:45.781+0700][gc,start    ] GC(38) Pause Young (Normal) (G1 Evacuation Pause)
[2023-05-14T09:32:45.783+0700][gc,task     ] GC(38) Using 8 workers of 8 for evacuation
[2023-05-14T09:32:45.856+0700][gc,mmu      ] GC(38) MMU target violated: 21.0ms (20.0ms/21.0ms)
[2023-05-14T09:32:45.856+0700][gc,phases   ] GC(38)   Pre Evacuate Collection Set: 2.9ms
[2023-05-14T09:32:45.856+0700][gc,phases   ] GC(38)   Merge Heap Roots: 0.5ms
[2023-05-14T09:32:45.856+0700][gc,phases   ] GC(38)   Evacuate Collection Set: 60.2ms
[2023-05-14T09:32:45.856+0700][gc,phases   ] GC(38)   Post Evacuate Collection Set: 5.0ms
[2023-05-14T09:32:45.856+0700][gc,phases   ] GC(38)   Other: 5.0ms
[2023-05-14T09:32:45.856+0700][gc,heap     ] GC(38) Eden regions: 45->0(45)
[2023-05-14T09:32:45.856+0700][gc,heap     ] GC(38) Survivor regions: 6->6(7)
[2023-05-14T09:32:45.856+0700][gc,heap     ] GC(38) Old regions: 64->66
[2023-05-14T09:32:45.856+0700][gc,heap     ] GC(38) Archive regions: 2->2
[2023-05-14T09:32:45.856+0700][gc,heap     ] GC(38) Humongous regions: 129->129
[2023-05-14T09:32:45.856+0700][gc,metaspace] GC(38) Metaspace: 44768K(45440K)->44768K(45440K) NonClass: 39222K(39616K)->39222K(39616K) Class: 5546K(5824K)->5546K(5824K)
[2023-05-14T09:32:45.856+0700][gc          ] GC(38) Pause Young (Normal) (G1 Evacuation Pause) 244M->201M(1024M) 75.143ms
[2023-05-14T09:32:45.856+0700][gc,cpu      ] GC(38) User=0.03s Sys=0.10s Real=0.07s
[2023-05-14T09:36:04.694+0700][gc,start    ] GC(39) Pause Young (Normal) (G1 Evacuation Pause)
[2023-05-14T09:36:04.696+0700][gc,task     ] GC(39) Using 8 workers of 8 for evacuation
[2023-05-14T09:36:04.730+0700][gc,mmu      ] GC(39) MMU target violated: 21.0ms (20.0ms/21.0ms)
[2023-05-14T09:36:04.730+0700][gc,phases   ] GC(39)   Pre Evacuate Collection Set: 1.1ms
[2023-05-14T09:36:04.730+0700][gc,phases   ] GC(39)   Merge Heap Roots: 0.3ms
[2023-05-14T09:36:04.730+0700][gc,phases   ] GC(39)   Evacuate Collection Set: 31.9ms
[2023-05-14T09:36:04.730+0700][gc,phases   ] GC(39)   Post Evacuate Collection Set: 0.2ms
[2023-05-14T09:36:04.730+0700][gc,phases   ] GC(39)   Other: 0.6ms
[2023-05-14T09:36:04.730+0700][gc,heap     ] GC(39) Eden regions: 45->0(46)
[2023-05-14T09:36:04.730+0700][gc,heap     ] GC(39) Survivor regions: 6->5(7)
[2023-05-14T09:36:04.730+0700][gc,heap     ] GC(39) Old regions: 66->68
[2023-05-14T09:36:04.730+0700][gc,heap     ] GC(39) Archive regions: 2->2
[2023-05-14T09:36:04.730+0700][gc,heap     ] GC(39) Humongous regions: 129->129
[2023-05-14T09:36:04.730+0700][gc,metaspace] GC(39) Metaspace: 44768K(45440K)->44768K(45440K) NonClass: 39222K(39616K)->39222K(39616K) Class: 5546K(5824K)->5546K(5824K)
[2023-05-14T09:36:04.730+0700][gc          ] GC(39) Pause Young (Normal) (G1 Evacuation Pause) 246M->201M(1024M) 35.961ms
[2023-05-14T09:36:04.730+0700][gc,cpu      ] GC(39) User=0.02s Sys=0.06s Real=0.04s
[2023-05-14T09:39:27.673+0700][gc,start    ] GC(40) Pause Young (Normal) (G1 Evacuation Pause)
[2023-05-14T09:39:27.675+0700][gc,task     ] GC(40) Using 8 workers of 8 for evacuation
[2023-05-14T09:39:27.696+0700][gc,mmu      ] GC(40) MMU target violated: 20.6ms (20.0ms/21.0ms)
[2023-05-14T09:39:27.696+0700][gc,phases   ] GC(40)   Pre Evacuate Collection Set: 2.4ms
[2023-05-14T09:39:27.696+0700][gc,phases   ] GC(40)   Merge Heap Roots: 0.5ms
[2023-05-14T09:39:27.696+0700][gc,phases   ] GC(40)   Evacuate Collection Set: 14.6ms
[2023-05-14T09:39:27.696+0700][gc,phases   ] GC(40)   Post Evacuate Collection Set: 0.9ms
[2023-05-14T09:39:27.696+0700][gc,phases   ] GC(40)   Other: 2.6ms
[2023-05-14T09:39:27.696+0700][gc,heap     ] GC(40) Eden regions: 46->0(47)
[2023-05-14T09:39:27.696+0700][gc,heap     ] GC(40) Survivor regions: 5->4(7)
[2023-05-14T09:39:27.696+0700][gc,heap     ] GC(40) Old regions: 68->69
[2023-05-14T09:39:27.696+0700][gc,heap     ] GC(40) Archive regions: 2->2
[2023-05-14T09:39:27.696+0700][gc,heap     ] GC(40) Humongous regions: 129->129
[2023-05-14T09:39:27.696+0700][gc,metaspace] GC(40) Metaspace: 44771K(45440K)->44771K(45440K) NonClass: 39224K(39616K)->39224K(39616K) Class: 5546K(5824K)->5546K(5824K)
[2023-05-14T09:39:27.696+0700][gc          ] GC(40) Pause Young (Normal) (G1 Evacuation Pause) 247M->202M(1024M) 22.872ms
[2023-05-14T09:39:27.696+0700][gc,cpu      ] GC(40) User=0.02s Sys=0.03s Real=0.02s
[2023-05-14T09:42:21.287+0700][gc,start    ] GC(41) Pause Young (Normal) (G1 Evacuation Pause)
[2023-05-14T09:42:21.288+0700][gc,task     ] GC(41) Using 8 workers of 8 for evacuation
[2023-05-14T09:42:21.301+0700][gc,phases   ] GC(41)   Pre Evacuate Collection Set: 0.3ms
[2023-05-14T09:42:21.301+0700][gc,phases   ] GC(41)   Merge Heap Roots: 0.2ms
[2023-05-14T09:42:21.301+0700][gc,phases   ] GC(41)   Evacuate Collection Set: 11.8ms
[2023-05-14T09:42:21.301+0700][gc,phases   ] GC(41)   Post Evacuate Collection Set: 0.5ms
[2023-05-14T09:42:21.301+0700][gc,phases   ] GC(41)   Other: 0.2ms
[2023-05-14T09:42:21.301+0700][gc,heap     ] GC(41) Eden regions: 47->0(47)
[2023-05-14T09:42:21.301+0700][gc,heap     ] GC(41) Survivor regions: 4->4(7)
[2023-05-14T09:42:21.301+0700][gc,heap     ] GC(41) Old regions: 69->69
[2023-05-14T09:42:21.301+0700][gc,heap     ] GC(41) Archive regions: 2->2
[2023-05-14T09:42:21.301+0700][gc,heap     ] GC(41) Humongous regions: 129->129
[2023-05-14T09:42:21.301+0700][gc,metaspace] GC(41) Metaspace: 45008K(45696K)->45008K(45696K) NonClass: 39412K(39808K)->39412K(39808K) Class: 5596K(5888K)->5596K(5888K)
[2023-05-14T09:42:21.301+0700][gc          ] GC(41) Pause Young (Normal) (G1 Evacuation Pause) 249M->202M(1024M) 14.426ms
[2023-05-14T09:42:21.301+0700][gc,cpu      ] GC(41) User=0.02s Sys=0.02s Real=0.02s
[2023-05-14T09:45:53.403+0700][gc,start    ] GC(42) Pause Young (Normal) (G1 Evacuation Pause)
[2023-05-14T09:45:53.408+0700][gc,task     ] GC(42) Using 8 workers of 8 for evacuation
[2023-05-14T09:45:53.556+0700][gc,mmu      ] GC(42) MMU target violated: 21.0ms (20.0ms/21.0ms)
[2023-05-14T09:45:53.556+0700][gc,phases   ] GC(42)   Pre Evacuate Collection Set: 5.2ms
[2023-05-14T09:45:53.556+0700][gc,phases   ] GC(42)   Merge Heap Roots: 1.3ms
[2023-05-14T09:45:53.556+0700][gc,phases   ] GC(42)   Evacuate Collection Set: 134.2ms
[2023-05-14T09:45:53.556+0700][gc,phases   ] GC(42)   Post Evacuate Collection Set: 4.5ms
[2023-05-14T09:45:53.556+0700][gc,phases   ] GC(42)   Other: 4.0ms
[2023-05-14T09:45:53.556+0700][gc,heap     ] GC(42) Eden regions: 47->0(44)
[2023-05-14T09:45:53.556+0700][gc,heap     ] GC(42) Survivor regions: 4->7(7)
[2023-05-14T09:45:53.556+0700][gc,heap     ] GC(42) Old regions: 69->71
[2023-05-14T09:45:53.556+0700][gc,heap     ] GC(42) Archive regions: 2->2
[2023-05-14T09:45:53.556+0700][gc,heap     ] GC(42) Humongous regions: 129->129
[2023-05-14T09:45:53.556+0700][gc,metaspace] GC(42) Metaspace: 45042K(45696K)->45042K(45696K) NonClass: 39445K(39808K)->39445K(39808K) Class: 5596K(5888K)->5596K(5888K)
[2023-05-14T09:45:53.556+0700][gc          ] GC(42) Pause Young (Normal) (G1 Evacuation Pause) 249M->207M(1024M) 153.450ms
[2023-05-14T09:45:53.556+0700][gc,cpu      ] GC(42) User=0.02s Sys=0.08s Real=0.15s
[2023-05-14T09:49:20.110+0700][gc,start    ] GC(43) Pause Young (Normal) (G1 Evacuation Pause)
[2023-05-14T09:49:20.114+0700][gc,task     ] GC(43) Using 8 workers of 8 for evacuation
[2023-05-14T09:49:20.169+0700][gc,mmu      ] GC(43) MMU target violated: 21.0ms (20.0ms/21.0ms)
[2023-05-14T09:49:20.169+0700][gc,phases   ] GC(43)   Pre Evacuate Collection Set: 3.8ms
[2023-05-14T09:49:20.169+0700][gc,phases   ] GC(43)   Merge Heap Roots: 1.0ms
[2023-05-14T09:49:20.169+0700][gc,phases   ] GC(43)   Evacuate Collection Set: 49.1ms
[2023-05-14T09:49:20.169+0700][gc,phases   ] GC(43)   Post Evacuate Collection Set: 1.0ms
[2023-05-14T09:49:20.169+0700][gc,phases   ] GC(43)   Other: 2.7ms
[2023-05-14T09:49:20.169+0700][gc,heap     ] GC(43) Eden regions: 44->0(46)
[2023-05-14T09:49:20.169+0700][gc,heap     ] GC(43) Survivor regions: 7->5(7)
[2023-05-14T09:49:20.169+0700][gc,heap     ] GC(43) Old regions: 71->74
[2023-05-14T09:49:20.169+0700][gc,heap     ] GC(43) Archive regions: 2->2
[2023-05-14T09:49:20.169+0700][gc,heap     ] GC(43) Humongous regions: 129->129
[2023-05-14T09:49:20.170+0700][gc,metaspace] GC(43) Metaspace: 45044K(45696K)->45044K(45696K) NonClass: 39448K(39808K)->39448K(39808K) Class: 5596K(5888K)->5596K(5888K)
[2023-05-14T09:49:20.170+0700][gc          ] GC(43) Pause Young (Normal) (G1 Evacuation Pause) 251M->208M(1024M) 59.622ms
[2023-05-14T09:49:20.170+0700][gc,cpu      ] GC(43) User=0.03s Sys=0.10s Real=0.06s
[2023-05-14T09:53:09.595+0700][gc,start    ] GC(44) Pause Young (Normal) (G1 Evacuation Pause)
[2023-05-14T09:53:09.598+0700][gc,task     ] GC(44) Using 8 workers of 8 for evacuation
[2023-05-14T09:53:09.680+0700][gc,mmu      ] GC(44) MMU target violated: 21.0ms (20.0ms/21.0ms)
[2023-05-14T09:53:09.680+0700][gc,phases   ] GC(44)   Pre Evacuate Collection Set: 3.3ms
[2023-05-14T09:53:09.680+0700][gc,phases   ] GC(44)   Merge Heap Roots: 0.6ms
[2023-05-14T09:53:09.680+0700][gc,phases   ] GC(44)   Evacuate Collection Set: 75.0ms
[2023-05-14T09:53:09.680+0700][gc,phases   ] GC(44)   Post Evacuate Collection Set: 1.1ms
[2023-05-14T09:53:09.680+0700][gc,phases   ] GC(44)   Other: 2.5ms
[2023-05-14T09:53:09.681+0700][gc,heap     ] GC(44) Eden regions: 46->0(45)
[2023-05-14T09:53:09.681+0700][gc,heap     ] GC(44) Survivor regions: 5->6(7)
[2023-05-14T09:53:09.681+0700][gc,heap     ] GC(44) Old regions: 74->78
[2023-05-14T09:53:09.681+0700][gc,heap     ] GC(44) Archive regions: 2->2
[2023-05-14T09:53:09.681+0700][gc,heap     ] GC(44) Humongous regions: 129->129
[2023-05-14T09:53:09.681+0700][gc,metaspace] GC(44) Metaspace: 45046K(45696K)->45046K(45696K) NonClass: 39450K(39808K)->39450K(39808K) Class: 5596K(5888K)->5596K(5888K)
[2023-05-14T09:53:09.681+0700][gc          ] GC(44) Pause Young (Normal) (G1 Evacuation Pause) 254M->212M(1024M) 86.049ms
[2023-05-14T09:53:09.681+0700][gc,cpu      ] GC(44) User=0.02s Sys=0.10s Real=0.09s
[2023-05-14T09:53:43.354+0700][gc,heap,exit] Heap
[2023-05-14T09:53:43.354+0700][gc,heap,exit]  garbage-first heap   total 1048576K, used 235047K [0x00000007c0000000, 0x0000000800000000)
[2023-05-14T09:53:43.354+0700][gc,heap,exit]   region size 1024K, 23 young (23552K), 6 survivors (6144K)
[2023-05-14T09:53:43.354+0700][gc,heap,exit]  Metaspace       used 45685K, committed 46336K, reserved 1114112K
[2023-05-14T09:53:43.354+0700][gc,heap,exit]   class space    used 5752K, committed 6080K, reserved 1048576K
